../Core/Src/main.c:163:6:write_byte	24	static
../Core/Src/main.c:174:6:write_max	16	static
../Core/Src/main.c:186:6:max_init	8	static
../Core/Src/main.c:195:6:write_string	24	static
../Core/Src/main.c:208:9:MSB_check	24	static
../Core/Src/main.c:217:6:write_string_shift	56	static
../Core/Src/main.c:263:9:bit_check	24	static
../Core/Src/main.c:280:5:main	96	static
../Core/Src/main.c:676:6:SystemClock_Config	88	static
../Core/Src/main.c:725:13:MX_ADC1_Init	24	static
../Core/Src/main.c:781:13:MX_I2C1_Init	8	static
../Core/Src/main.c:815:13:MX_RTC_Init	16	static
../Core/Src/main.c:873:13:MX_TIM3_Init	32	static
../Core/Src/main.c:918:13:MX_USART2_UART_Init	8	static
../Core/Src/main.c:949:13:MX_DMA_Init	16	static
../Core/Src/main.c:967:13:MX_GPIO_Init	40	static
../Core/Src/main.c:1016:1:__io_putchar	16	static
../Core/Src/main.c:1024:6:HAL_TIM_PeriodElapsedCallback	16	static
../Core/Src/main.c:1034:6:Error_Handler	4	static,ignoring_inline_asm
